product/category
product/thumb
product/thumb
product/thumb
product/thumb
product/thumb
product/thumb
product/thumb
product/thumb
product/thumb
product/thumb
common/pagination
common/column_left
extension/opencart/module/filter
common/column_right
common/content_top
extension/opencart/module/banner
common/content_bottom
extension/opencart/module/html
common/footer
common/cookie
common/header
common/language
common/currency
common/search
common/cart
common/menu
common/home
common/column_left
common/column_right
common/content_top
extension/opencart/module/html
extension/opencart/module/html
extension/opencart/module/html
extension/opencart/module/html
extension/opencart/module/html
extension/opencart/module/html
extension/opencart/module/html
extension/opencart/module/html
extension/opencart/module/html
extension/opencart/module/html
extension/opencart/module/html
common/content_bottom
common/footer
common/cookie
common/header
common/language
common/currency
common/search
common/cart
common/menu
product/category
product/thumb
product/thumb
product/thumb
product/thumb
product/thumb
product/thumb
product/thumb
product/thumb
product/thumb
product/thumb
common/pagination
common/column_left
extension/opencart/module/filter
common/column_right
common/content_top
extension/opencart/module/banner
common/content_bottom
extension/opencart/module/html
common/footer
common/cookie
common/header
common/language
common/currency
common/search
common/cart
common/menu
common/home
common/column_left
common/column_right
common/content_top
extension/opencart/module/html
extension/opencart/module/html
extension/opencart/module/html
extension/opencart/module/html
extension/opencart/module/html
extension/opencart/module/html
extension/opencart/module/html
extension/opencart/module/html
extension/opencart/module/html
extension/opencart/module/html
extension/opencart/module/html
common/content_bottom
common/footer
common/cookie
common/header
common/language
common/currency
common/search
common/cart
common/menu
